2026-09-15 09:06:24,989 [INFO] ==================================================
2026-09-15 09:06:24,991 [INFO]    阶段三：KMeans 与 SVM 核心算法平行对比验证
2026-09-15 09:06:24,994 [INFO] ==================================================
2026-09-15 09:06:28,595 [INFO] [*] 数据集加载完毕。总有效样本: 286 (训练集: 85, 测试集: 201)
2026-09-15 09:06:28,596 [INFO] [*] 正在执行 KMeans (无监督) 评估...
2026-09-15 09:06:28,673 [INFO] [*] 正在执行 SVM (有监督) 评估...
2026-09-15 09:06:28,683 [INFO] [*] 正在生成混淆矩阵与性能对比图表...
2026-09-15 09:06:31,655 [INFO] 
==================================================
2026-09-15 09:06:31,657 [INFO]                 KMeans 性能报告
2026-09-15 09:06:31,658 [INFO] ==================================================
2026-09-15 09:06:31,665 [INFO]               precision    recall  f1-score   support
2026-09-15 09:06:31,667 [INFO] 
2026-09-15 09:06:31,668 [INFO]         Blue       0.00      0.00      0.00         0
2026-09-15 09:06:31,670 [INFO]       Orange       0.98      0.58      0.73       101
2026-09-15 09:06:31,671 [INFO]       Yellow       1.00      0.99      0.99       100
2026-09-15 09:06:31,672 [INFO] 
2026-09-15 09:06:31,673 [INFO]     accuracy                           0.79       201
2026-09-15 09:06:31,674 [INFO]    macro avg       0.66      0.52      0.58       201
2026-09-15 09:06:31,676 [INFO] weighted avg       0.99      0.79      0.86       201
2026-09-15 09:06:31,677 [INFO] 
2026-09-15 09:06:31,678 [INFO] 
==================================================
2026-09-15 09:06:31,679 [INFO]                  SVM 性能报告
2026-09-15 09:06:31,680 [INFO] ==================================================
2026-09-15 09:06:31,687 [INFO]               precision    recall  f1-score   support
2026-09-15 09:06:31,688 [INFO] 
2026-09-15 09:06:31,689 [INFO]       Orange       0.99      1.00      1.00       101
2026-09-15 09:06:31,690 [INFO]       Yellow       1.00      0.99      0.99       100
2026-09-15 09:06:31,691 [INFO] 
2026-09-15 09:06:31,692 [INFO]     accuracy                           1.00       201
2026-09-15 09:06:31,693 [INFO]    macro avg       1.00      0.99      1.00       201
2026-09-15 09:06:31,695 [INFO] weighted avg       1.00      1.00      1.00       201
2026-09-15 09:06:31,707 [INFO] 
2026-09-15 09:06:31,710 [INFO] 
==================================================
2026-09-15 09:06:31,712 [INFO]  [图表输出] 混淆矩阵保存至: ./evaluation_results/confusion_matrices.png
2026-09-15 09:06:31,714 [INFO]  [图表输出] 指标对比柱状图保存至: ./evaluation_results/metrics_comparison.png
2026-09-15 09:06:31,716 [INFO] ==================================================
