2026-09-15 04:56:04,321 [INFO] ====================================
2026-09-15 04:56:04,322 [INFO] [*] 阶段二：无监督颜色聚类 ( Kmeans )
2026-09-15 04:56:04,324 [INFO] ====================================
2026-09-15 04:56:06,688 [INFO] [*] 数据加载完成，共收集到 286 张有效反光衣裁剪图。
2026-09-15 04:56:06,690 [INFO] [*] 未检测到历史模型，执行初始训练...
2026-09-15 04:56:06,691 [INFO] [*] 正在提取颜色直方图特征向量...
2026-09-15 04:56:06,713 [INFO] [*] 开始 KMeans 训练，真实样本: 286，注入锚点: 15，维度: 18
2026-09-15 04:56:06,754 [INFO] [*] 聚类簇中心语义映射结果: {0: 'Orange', 1: 'Yellow', 2: 'Yellow'}
2026-09-15 04:56:06,755 [INFO] [!] 提示：聚类结果中未完全映射蓝色，但模型已通过锚点保留了蓝色识别能力。
2026-09-15 04:56:06,771 [INFO] [*] 模型已保存至: kmeans_color_model.pkl
2026-09-15 04:56:06,772 [INFO] 
[*] 正在为全部 286 张样本生成预测...
2026-09-15 04:56:11,439 [INFO] 
====================================
2026-09-15 04:56:11,440 [INFO]           实验数据与分布报告
2026-09-15 04:56:11,441 [INFO] ====================================
2026-09-15 04:56:11,442 [INFO]   - 总处理图像数: 286
2026-09-15 04:56:11,443 [INFO]   - 类别 [Orange]: 138 张 (48.3%)
2026-09-15 04:56:11,445 [INFO]   - 类别 [Yellow]: 148 张 (51.7%)
2026-09-15 04:56:11,446 [INFO] 
[*] 全部图片可视化结果已保存至: ./Data_Vest_Crops/visualizations
2026-09-15 04:56:11,447 [INFO] [*] 完整运行日志已保存至: kmeans_training_20260915_045604.log
