2026-09-15 04:46:18,472 [INFO] [*] 启动反光衣 SAM3 分割裁剪引擎，使用设备: cuda
2026-09-15 04:46:18,483 [INFO] [*] 正在加载 SAM 3 模型...
2026-09-15 04:46:34,975 [INFO] [*] 模型加载完成！
2026-09-15 04:46:34,982 [INFO] ====================================
2026-09-15 04:46:34,983 [INFO] [*] 正在处理: TRAIN
2026-09-15 04:46:34,984 [INFO] ====================================
2026-09-15 04:48:21,113 [INFO] ====================================
2026-09-15 04:48:21,115 [INFO] [*] 正在处理: VAL
2026-09-15 04:48:21,116 [INFO] ====================================
2026-09-15 04:48:33,953 [INFO] ====================================
2026-09-15 04:48:33,954 [INFO] [*] 正在处理: TEST
2026-09-15 04:48:33,958 [INFO] ====================================
2026-09-15 04:48:45,426 [INFO] 
====================================
2026-09-15 04:48:45,427 [INFO] [*] 步骤一完成！处理结果摘要：
2026-09-15 04:48:45,429 [INFO] ====================================
2026-09-15 04:48:45,430 [INFO]   - 总处理图片数: 559 张
2026-09-15 04:48:45,431 [INFO]   - 检测到人员 (Person) 目标数: 964 个
2026-09-15 04:48:45,433 [INFO]   - 成功提取有效反光衣裁剪图: 286 张
2026-09-15 04:48:45,434 [INFO]   - 总处理耗时: 146.95 秒 (2.45 分钟)
2026-09-15 04:48:45,435 [INFO]   - 平均单张图片处理耗时: 0.263 秒
2026-09-15 04:48:45,436 [INFO] [*] 裁剪数据已保存在 ./Data_Vest_Crops
2026-09-15 04:48:45,438 [INFO] [*] 完整运行日志已保存至: sam3_processing_20260915_044618.log
